[      70ms] [INFO] %cDownload the React DevTools for a better development experience: https://react.dev/link/react-devtools font-weight:bold @ http://localhost:5173/node_modules/.vite/deps/react-dom_client.js?v=87d22ef3:14336
[     110ms] [WARNING] [audio] Music play blocked: NotAllowedError: play() failed because the user didn't interact with the document first. https://goo.gl/xX8pDD @ http://localhost:5173/@vite/client:509
[    6070ms] [LOG] %c [SENSORS] LOGIC ONLINE (1264x848) color: #00ffff @ http://localhost:5173/src/hooks/useNavigation.js?t=1778151593149:21
[    6084ms] [LOG] %c [SENSORS] LOGIC ONLINE (1264x848) color: #00ffff @ http://localhost:5173/src/hooks/useNavigation.js?t=1778151593149:21
[    6086ms] [LOG] %c [SENSORS] TERRAIN ONLINE (1264x848) color: #00ffff @ http://localhost:5173/src/hooks/useNavigation.js?t=1778151593149:21
[    6091ms] [LOG] %c [SENSORS] TERRAIN ONLINE (1264x848) color: #00ffff @ http://localhost:5173/src/hooks/useNavigation.js?t=1778151593149:21
[    6106ms] [WARNING] [audio] Music play blocked: AbortError: The play() request was interrupted by a call to pause(). https://goo.gl/LdLk22 @ http://localhost:5173/@vite/client:509
[   40054ms] [LOG] [Gamepad] Connected: "Unknown Gamepad (Vendor: 1532 Product: 022b)" — mapping: "" — 24 buttons, 10 axes @ http://localhost:5173/src/components/Character.jsx?t=1778824792860:189
[   40054ms] [LOG] [Gamepad] Connected: "Xbox One Game Controller (STANDARD GAMEPAD)" — mapping: "standard" — 17 buttons, 4 axes @ http://localhost:5173/src/components/Character.jsx?t=1778824792860:189
[   40070ms] [LOG] [Gamepad] Active: "Xbox One Game Controller (STANDARD GAMEPAD)" mapping="standard" axes=4 buttons=17 @ http://localhost:5173/src/components/Character.jsx?t=1778824792860:289
[   40070ms] [LOG] [Gamepad] Axis values: 0:0.26 1:0.67 2:0.00 3:0.01 @ http://localhost:5173/src/components/Character.jsx?t=1778824792860:290
[   45143ms] [LOG] %c [SENSORS] LOGIC ONLINE (1456x816) color: #00ffff @ http://localhost:5173/src/hooks/useNavigation.js?t=1778151593149:21
[   45145ms] [LOG] %c [SENSORS] LOGIC ONLINE (1456x816) color: #00ffff @ http://localhost:5173/src/hooks/useNavigation.js?t=1778151593149:21
[   45164ms] [LOG] %c [SENSORS] TERRAIN ONLINE (1456x816) color: #00ffff @ http://localhost:5173/src/hooks/useNavigation.js?t=1778151593149:21
[   45172ms] [LOG] %c [SENSORS] TERRAIN ONLINE (1456x816) color: #00ffff @ http://localhost:5173/src/hooks/useNavigation.js?t=1778151593149:21
[   45190ms] [LOG] [Gamepad] Active: "Xbox One Game Controller (STANDARD GAMEPAD)" mapping="standard" axes=4 buttons=17 @ http://localhost:5173/src/components/Character.jsx?t=1778824792860:289
[   45190ms] [LOG] [Gamepad] Axis values: 0:0.71 1:-0.92 2:0.00 3:0.01 @ http://localhost:5173/src/components/Character.jsx?t=1778824792860:290
[   69591ms] [LOG] %c [SENSORS] LOGIC ONLINE (2912x1632) color: #00ffff @ http://localhost:5173/src/hooks/useNavigation.js?t=1778151593149:21
[   69618ms] [LOG] %c [SENSORS] LOGIC ONLINE (2912x1632) color: #00ffff @ http://localhost:5173/src/hooks/useNavigation.js?t=1778151593149:21
[   69629ms] [LOG] %c [SENSORS] TERRAIN ONLINE (2912x1632) color: #00ffff @ http://localhost:5173/src/hooks/useNavigation.js?t=1778151593149:21
[   69644ms] [LOG] %c [SENSORS] TERRAIN ONLINE (2912x1632) color: #00ffff @ http://localhost:5173/src/hooks/useNavigation.js?t=1778151593149:21
[   69656ms] [LOG] [Gamepad] Active: "Xbox One Game Controller (STANDARD GAMEPAD)" mapping="standard" axes=4 buttons=17 @ http://localhost:5173/src/components/Character.jsx?t=1778824792860:289
[   69656ms] [LOG] [Gamepad] Axis values: 0:-0.00 1:0.04 2:0.00 3:0.01 @ http://localhost:5173/src/components/Character.jsx?t=1778824792860:290
[   72264ms] [ERROR] Cannot update a component (`%s`) while rendering a different component (`%s`). To locate the bad setState() call inside `%s`, follow the stack trace as described in https://react.dev/link/setstate-in-render App DialogueSystem DialogueSystem @ http://localhost:5173/@vite/client:509
[  300118ms] [LOG] %c[SAVE] Auto-save color:#d4af37 @ http://localhost:5173/src/App.jsx?t=1778910794430:254
[  600111ms] [LOG] %c[SAVE] Auto-save color:#d4af37 @ http://localhost:5173/src/App.jsx?t=1778910794430:254
